// Vitest Snapshot v1, https://vitest.dev/guide/snapshot.html

exports[`ErrorPage > should match snapshot 1`] = `
<div>
  <div
    class="h-full flex items-center justify-center bg-background p-4"
    data-testid="error-403-page"
  >
    <div
      class="w-full max-w-md mx-auto text-center space-y-8"
    >
      <div
        class="space-y-4 mx-auto"
      >
        <h1
          class="text-3xl font-semibold text-foreground"
        >
          Access Denied
        </h1>
        <p
          class="text-sm text-muted-foreground"
        >
          You do not have permission
        </p>
      </div>
      <div
        class="flex justify-center pt-4"
      >
        <button
          class="inline-flex items-center justify-center gap-2 whitespace-nowrap rounded-md text-sm font-medium transition-all disabled:pointer-events-none disabled:opacity-50 [&_svg]:pointer-events-none [&_svg:not([class*='size-'])]:size-4 shrink-0 [&_svg]:shrink-0 outline-none focus-visible:border-ring focus-visible:ring-ring/50 focus-visible:ring-[3px] aria-invalid:ring-destructive/20 dark:aria-invalid:ring-destructive/40 aria-invalid:border-destructive border bg-background shadow-xs hover:bg-accent hover:text-accent-foreground dark:bg-input/30 dark:border-input dark:hover:bg-input/50 h-9 px-4 py-2 has-[>svg]:px-3"
          data-size="default"
          data-slot="button"
          data-variant="outline"
        >
          shared.error.button.goBack
        </button>
      </div>
    </div>
  </div>
</div>
`;
